[2026-06-10 12:32:41] Archivo procesado: data/data_lake/processed\ventas\ventas_20260610_123241.csv
[2026-06-10 12:32:41] Archivo procesado: data/data_lake/processed\clientes\clientes_20260610_123241.csv
[2026-06-10 12:32:41] Archivo procesado: data/data_lake/processed\productos\productos_20260610_123241.csv
[2026-06-10 12:32:41] Archivo procesado: data/data_lake/processed\ventas_online\ventas_online_20260610_123241.csv
[2026-06-10 12:32:41] JSON procesado: data/data_lake/processed\eventos_app\eventos_app_20260610_123241.csv
[2026-06-10 12:58:01] Archivo procesado: data/data_lake/processed\ventas\ventas_20260610_125801.csv
[2026-06-10 12:58:01] Archivo procesado: data/data_lake/processed\clientes\clientes_20260610_125801.csv
[2026-06-10 12:58:01] Archivo procesado: data/data_lake/processed\productos\productos_20260610_125801.csv
[2026-06-10 12:58:01] Archivo procesado: data/data_lake/processed\ventas_online\ventas_online_20260610_125801.csv
[2026-06-10 12:58:01] JSON procesado: data/data_lake/processed\eventos_app\eventos_app_20260610_125801.csv
[2026-06-10 13:12:21] Archivo procesado: data/data_lake/processed\ventas\ventas_20260610_131221.csv
[2026-06-10 13:12:21] Archivo procesado: data/data_lake/processed\clientes\clientes_20260610_131221.csv
[2026-06-10 13:12:21] Archivo procesado: data/data_lake/processed\productos\productos_20260610_131221.csv
[2026-06-10 13:12:21] Archivo procesado: data/data_lake/processed\ventas_online\ventas_online_20260610_131221.csv
[2026-06-10 13:12:21] JSON procesado: data/data_lake/processed\eventos_app\eventos_app_20260610_131221.csv
[2026-06-11 00:40:18] Archivo procesado: data/data_lake/processed\ventas\ventas_20260611_004018.csv
[2026-06-11 00:40:18] Archivo procesado: data/data_lake/processed\clientes\clientes_20260611_004018.csv
[2026-06-11 00:40:18] Archivo procesado: data/data_lake/processed\productos\productos_20260611_004018.csv
[2026-06-11 00:40:18] Archivo procesado: data/data_lake/processed\ventas_online\ventas_online_20260611_004018.csv
[2026-06-11 00:40:18] JSON procesado: data/data_lake/processed\eventos_app\eventos_app_20260611_004018.csv
[2026-06-11 01:17:24] Archivo procesado: data/data_lake/processed\ventas\ventas_20260611_011724.csv
[2026-06-11 01:17:24] Archivo procesado: data/data_lake/processed\clientes\clientes_20260611_011724.csv
[2026-06-11 01:17:24] Archivo procesado: data/data_lake/processed\productos\productos_20260611_011724.csv
[2026-06-11 01:17:24] Archivo procesado: data/data_lake/processed\ventas_online\ventas_online_20260611_011724.csv
[2026-06-11 01:17:24] JSON procesado: data/data_lake/processed\eventos_app\eventos_app_20260611_011724.csv
[2026-06-11 15:04:21] Archivo procesado: data/data_lake/processed\ventas\ventas_20260611_150421.csv
[2026-06-11 15:04:21] Archivo procesado: data/data_lake/processed\clientes\clientes_20260611_150421.csv
[2026-06-11 15:04:21] Archivo procesado: data/data_lake/processed\productos\productos_20260611_150421.csv
[2026-06-11 15:04:21] Archivo procesado: data/data_lake/processed\ventas_online\ventas_online_20260611_150421.csv
[2026-06-11 15:04:21] JSON procesado: data/data_lake/processed\eventos_app\eventos_app_20260611_150421.csv
[2026-06-11 15:19:05] Archivo procesado: data/data_lake/processed\ventas\ventas_20260611_151905.csv
[2026-06-11 15:19:05] Archivo procesado: data/data_lake/processed\clientes\clientes_20260611_151905.csv
[2026-06-11 15:19:05] Archivo procesado: data/data_lake/processed\productos\productos_20260611_151905.csv
[2026-06-11 15:19:05] Archivo procesado: data/data_lake/processed\ventas_online\ventas_online_20260611_151905.csv
[2026-06-11 15:19:05] JSON procesado: data/data_lake/processed\eventos_app\eventos_app_20260611_151905.csv
