[2026-06-09 19:58:57] Archivo copiado: data/origen\ventas_pos\dia_1\ventas_pos.csv -> data/data_lake/raw\ventas_pos\ventas_pos_20260609_195857.csv
[2026-06-09 22:11:43] Archivo copiado: data/origen\ventas_pos\dia_1\ventas_pos.csv -> data/data_lake/raw\ventas_pos\ventas_pos_20260609_221143.csv
[2026-06-09 22:11:43] Archivo copiado: data/origen\clientes_crm\dia_1\clientes_crm.csv -> data/data_lake/raw\clientes_crm\clientes_crm_20260609_221143.csv
[2026-06-09 22:11:43] Archivo copiado: data/origen\productos_erp\dia_1\productos_erp.csv -> data/data_lake/raw\productos_erp\productos_erp_20260609_221143.csv
[2026-06-09 22:11:43] Archivo copiado: data/origen\ventas_online\dia_1\ventas_online.csv -> data/data_lake/raw\ventas_online\ventas_online_20260609_221143.csv
[2026-06-09 22:11:43] Archivo copiado: data/origen\eventos_app\dia_1\eventos_app.json -> data/data_lake/raw\eventos_app\eventos_app_20260609_221143.json
[2026-06-09 22:39:59] Archivo copiado: data/origen\ventas_pos\dia_2\ventas_pos.csv -> data/data_lake/raw\ventas_pos\ventas_pos_20260609_223959.csv
[2026-06-09 22:39:59] Archivo copiado: data/origen\clientes_crm\dia_2\clientes_crm.csv -> data/data_lake/raw\clientes_crm\clientes_crm_20260609_223959.csv
[2026-06-09 22:39:59] Archivo copiado: data/origen\productos_erp\dia_2\productos_erp.csv -> data/data_lake/raw\productos_erp\productos_erp_20260609_223959.csv
[2026-06-09 22:39:59] Archivo copiado: data/origen\ventas_online\dia_2\ventas_online.csv -> data/data_lake/raw\ventas_online\ventas_online_20260609_223959.csv
[2026-06-09 22:39:59] Archivo copiado: data/origen\eventos_app\dia_2\eventos_app.json -> data/data_lake/raw\eventos_app\eventos_app_20260609_223959.json
[2026-06-10 13:08:02] Archivo copiado: data/origen\ventas_pos\dia_1\ventas_pos.csv -> data/data_lake/raw\ventas_pos\ventas_pos_20260610_130802.csv
[2026-06-10 13:08:02] Archivo copiado: data/origen\clientes_crm\dia_1\clientes_crm.csv -> data/data_lake/raw\clientes_crm\clientes_crm_20260610_130802.csv
[2026-06-10 13:08:02] Archivo copiado: data/origen\productos_erp\dia_1\productos_erp.csv -> data/data_lake/raw\productos_erp\productos_erp_20260610_130802.csv
[2026-06-10 13:08:02] Archivo copiado: data/origen\ventas_online\dia_1\ventas_online.csv -> data/data_lake/raw\ventas_online\ventas_online_20260610_130802.csv
[2026-06-10 13:08:02] Archivo copiado: data/origen\eventos_app\dia_1\eventos_app.json -> data/data_lake/raw\eventos_app\eventos_app_20260610_130802.json
[2026-06-10 13:11:19] Archivo copiado: data/origen\ventas_pos\dia_1\ventas_pos.csv -> data/data_lake/raw\ventas_pos\ventas_pos_20260610_131119.csv
[2026-06-10 13:11:19] Archivo copiado: data/origen\clientes_crm\dia_1\clientes_crm.csv -> data/data_lake/raw\clientes_crm\clientes_crm_20260610_131119.csv
[2026-06-10 13:11:19] Archivo copiado: data/origen\productos_erp\dia_1\productos_erp.csv -> data/data_lake/raw\productos_erp\productos_erp_20260610_131119.csv
[2026-06-10 13:11:19] Archivo copiado: data/origen\ventas_online\dia_1\ventas_online.csv -> data/data_lake/raw\ventas_online\ventas_online_20260610_131119.csv
[2026-06-10 13:11:19] Archivo copiado: data/origen\eventos_app\dia_1\eventos_app.json -> data/data_lake/raw\eventos_app\eventos_app_20260610_131119.json
[2026-06-10 13:11:38] Archivo copiado: data/origen\ventas_pos\dia_2\ventas_pos.csv -> data/data_lake/raw\ventas_pos\ventas_pos_20260610_131138.csv
[2026-06-10 13:11:38] Archivo copiado: data/origen\clientes_crm\dia_2\clientes_crm.csv -> data/data_lake/raw\clientes_crm\clientes_crm_20260610_131138.csv
[2026-06-10 13:11:38] Archivo copiado: data/origen\productos_erp\dia_2\productos_erp.csv -> data/data_lake/raw\productos_erp\productos_erp_20260610_131138.csv
[2026-06-10 13:11:38] Archivo copiado: data/origen\ventas_online\dia_2\ventas_online.csv -> data/data_lake/raw\ventas_online\ventas_online_20260610_131138.csv
[2026-06-10 13:11:38] Archivo copiado: data/origen\eventos_app\dia_2\eventos_app.json -> data/data_lake/raw\eventos_app\eventos_app_20260610_131138.json
[2026-06-11 00:37:20] Archivo copiado: data/origen\ventas_pos\dia_1\ventas_pos.csv -> data/data_lake/raw\ventas_pos\ventas_pos_20260611_003720.csv
[2026-06-11 00:37:20] Archivo copiado: data/origen\clientes_crm\dia_1\clientes_crm.csv -> data/data_lake/raw\clientes_crm\clientes_crm_20260611_003720.csv
[2026-06-11 00:37:20] Archivo copiado: data/origen\productos_erp\dia_1\productos_erp.csv -> data/data_lake/raw\productos_erp\productos_erp_20260611_003720.csv
[2026-06-11 00:37:20] Archivo copiado: data/origen\ventas_online\dia_1\ventas_online.csv -> data/data_lake/raw\ventas_online\ventas_online_20260611_003720.csv
[2026-06-11 00:37:20] Archivo copiado: data/origen\eventos_app\dia_1\eventos_app.json -> data/data_lake/raw\eventos_app\eventos_app_20260611_003720.json
[2026-06-11 01:12:08] Archivo copiado: data/origen\ventas_pos\dia_2\ventas_pos.csv -> data/data_lake/raw\ventas_pos\ventas_pos_20260611_011208.csv
[2026-06-11 01:12:08] Archivo copiado: data/origen\clientes_crm\dia_2\clientes_crm.csv -> data/data_lake/raw\clientes_crm\clientes_crm_20260611_011208.csv
[2026-06-11 01:12:08] Archivo copiado: data/origen\productos_erp\dia_2\productos_erp.csv -> data/data_lake/raw\productos_erp\productos_erp_20260611_011208.csv
[2026-06-11 01:12:08] Archivo copiado: data/origen\ventas_online\dia_2\ventas_online.csv -> data/data_lake/raw\ventas_online\ventas_online_20260611_011208.csv
[2026-06-11 01:12:08] Archivo copiado: data/origen\eventos_app\dia_2\eventos_app.json -> data/data_lake/raw\eventos_app\eventos_app_20260611_011208.json
[2026-06-11 15:02:04] Archivo copiado: data/origen\ventas_pos\dia_1\ventas_pos.csv -> data/data_lake/raw\ventas_pos\ventas_pos_20260611_150204.csv
[2026-06-11 15:02:04] Archivo copiado: data/origen\clientes_crm\dia_1\clientes_crm.csv -> data/data_lake/raw\clientes_crm\clientes_crm_20260611_150204.csv
[2026-06-11 15:02:04] Archivo copiado: data/origen\productos_erp\dia_1\productos_erp.csv -> data/data_lake/raw\productos_erp\productos_erp_20260611_150204.csv
[2026-06-11 15:02:04] Archivo copiado: data/origen\ventas_online\dia_1\ventas_online.csv -> data/data_lake/raw\ventas_online\ventas_online_20260611_150204.csv
[2026-06-11 15:02:04] Archivo copiado: data/origen\eventos_app\dia_1\eventos_app.json -> data/data_lake/raw\eventos_app\eventos_app_20260611_150204.json
[2026-06-11 15:18:56] Archivo copiado: data/origen\ventas_pos\dia_2\ventas_pos.csv -> data/data_lake/raw\ventas_pos\ventas_pos_20260611_151856.csv
[2026-06-11 15:18:56] Archivo copiado: data/origen\clientes_crm\dia_2\clientes_crm.csv -> data/data_lake/raw\clientes_crm\clientes_crm_20260611_151856.csv
[2026-06-11 15:18:56] Archivo copiado: data/origen\productos_erp\dia_2\productos_erp.csv -> data/data_lake/raw\productos_erp\productos_erp_20260611_151856.csv
[2026-06-11 15:18:56] Archivo copiado: data/origen\ventas_online\dia_2\ventas_online.csv -> data/data_lake/raw\ventas_online\ventas_online_20260611_151856.csv
[2026-06-11 15:18:56] Archivo copiado: data/origen\eventos_app\dia_2\eventos_app.json -> data/data_lake/raw\eventos_app\eventos_app_20260611_151856.json
